(cx-gui-do cx-activate-item "MenuBar*ReadSubMenu*Case...")
(cx-gui-do cx-set-text-entry "Select File*Text" "nozzle03.msh")
(cx-gui-do cx-activate-item "Select File*OK")
(cx-gui-do cx-activate-item "MenuBar*ModelsSubMenu*Solver...")
(cx-gui-do cx-set-toggle-button "Solver*Table1*Frame1(Solver)*ToggleBox1(Solver)*Density Based" #f)
(cx-gui-do cx-activate-item "Solver*Table1*Frame1(Solver)*ToggleBox1(Solver)*Density Based")
(cx-gui-do cx-set-toggle-button "Solver*Table1*Frame5(Space)*ToggleBox5(Space)*Axisymmetric" #f)
(cx-gui-do cx-activate-item "Solver*Table1*Frame5(Space)*ToggleBox5(Space)*Axisymmetric")
(cx-gui-do cx-activate-item "Solver*PanelButtons*PushButton1(OK)")
(cx-gui-do cx-activate-item "MenuBar*ModelsSubMenu*Viscous...")
(cx-gui-do cx-set-toggle-button "Viscous Model*Table1*Frame1(Model)*ToggleBox1(Model)*k-epsilon   (2 eqn)" #f)
(cx-gui-do cx-activate-item "Viscous Model*Table1*Frame1(Model)*ToggleBox1(Model)*k-epsilon   (2 eqn)")
(cx-gui-do cx-set-position "Viscous Model" '(x 226 y 163))
(cx-gui-do cx-set-toggle-button "Viscous Model*Table1*Frame1(Model)*ToggleBox1(Model)*k-omega   (2 eqn)" #f)
(cx-gui-do cx-activate-item "Viscous Model*Table1*Frame1(Model)*ToggleBox1(Model)*k-omega   (2 eqn)")
(cx-gui-do cx-set-toggle-button "Viscous Model*Table1*Frame7(k-omega Model)*ToggleBox7(k-omega Model)*SST" #f)
(cx-gui-do cx-activate-item "Viscous Model*Table1*Frame7(k-omega Model)*ToggleBox7(k-omega Model)*SST")
(cx-gui-do cx-activate-item "Viscous Model*PanelButtons*PushButton1(OK)")
(cx-gui-do cx-activate-item "MenuBar*DefineMenu*Materials...")
(cx-gui-do cx-set-list-selections "Materials*Frame2(Properties)*Table2(Properties)*Frame4*Frame2*DropDownList1" '( 1))
(cx-gui-do cx-activate-item "Materials*Frame2(Properties)*Table2(Properties)*Frame4*Frame2*DropDownList1")
(cx-gui-do cx-activate-item "Materials*PanelButtons*PushButton1(Change/Create)")
(cx-gui-do cx-activate-item "Materials*PanelButtons*PushButton1(Close)")
(cx-gui-do cx-activate-item "MenuBar*DefineMenu*Operating Conditions...")
(cx-gui-do cx-set-real-entry-list "Operating Conditions*Table1*Frame1(Pressure)*Table1(Pressure)*RealEntry2(Operating Pressure)" '( 0))
(cx-gui-do cx-activate-item "Operating Conditions*PanelButtons*PushButton1(OK)")
(cx-gui-do cx-activate-item "MenuBar*DefineMenu*Boundary Conditions...")
(cx-gui-do cx-set-list-selections "Boundary Conditions*Table1*Frame1*List1(Zone)" '( 3))
(cx-gui-do cx-activate-item "Boundary Conditions*Table1*Frame1*List1(Zone)")
(cx-gui-do cx-activate-item "Boundary Conditions*PanelButtons*PushButton1(OK)")
(cx-gui-do cx-set-real-entry-list "mass-flow-inlet-3-1*Frame4*Frame3(Momentum)*Table1*RealEntry3(Mass Flow-Rate)" '( 30))
(cx-gui-do cx-set-text-entry "mass-flow-inlet-3-1*TextEntry1(Zone Name)" "mass_flow_inlet.4")
(cx-gui-do cx-set-real-entry-list "mass-flow-inlet-3-1*Frame4*Frame4(Thermal)*Table1*Table1*RealEntry2(Total Temperature)" '( 1666))
(cx-gui-do cx-set-real-entry-list "mass-flow-inlet-3-1*Frame4*Frame3(Momentum)*Table1*Table6*RealEntry2(Supersonic/Initial Gauge Pressure)" '( 303975))
(cx-gui-do cx-set-list-selections "mass-flow-inlet-3-1*Frame4*Frame3(Momentum)*Table1*Frame1(Turbulence)*Table1(Turbulence)*DropDownList1(Specification Method)" '( 3))
(cx-gui-do cx-activate-item "mass-flow-inlet-3-1*Frame4*Frame3(Momentum)*Table1*Frame1(Turbulence)*Table1(Turbulence)*DropDownList1(Specification Method)")
(cx-gui-do cx-set-real-entry-list "mass-flow-inlet-3-1*Frame4*Frame3(Momentum)*Table1*Frame1(Turbulence)*Table1(Turbulence)*RealEntry8(Turbulent Intensity)" '( 0.005))
(cx-gui-do cx-set-real-entry-list "mass-flow-inlet-3-1*Frame4*Frame3(Momentum)*Table1*Frame1(Turbulence)*Table1(Turbulence)*RealEntry10(Hydraulic Diameter)" '( 0.26))
(cx-gui-do cx-activate-item "mass-flow-inlet-3-1*PanelButtons*PushButton1(OK)")
(cx-gui-do cx-set-list-selections "Boundary Conditions*Table1*Frame1*List1(Zone)" '( 4))
(cx-gui-do cx-activate-item "Boundary Conditions*Table1*Frame1*List1(Zone)")
(cx-gui-do cx-activate-item "Boundary Conditions*PanelButtons*PushButton1(OK)")
(cx-gui-do cx-set-real-entry-list "pressure-outlet-5-1*Frame4*Frame3(Momentum)*Table1*Table2*RealEntry2(Gauge Pressure)" '( 1))
(cx-gui-do cx-set-text-entry "pressure-outlet-5-1*TextEntry1(Zone Name)" "pressure_outlet.2")
(cx-gui-do cx-set-list-selections "pressure-outlet-5-1*Frame4*Frame3(Momentum)*Table1*Frame1(Turbulence)*Table1(Turbulence)*DropDownList1(Specification Method)" '( 3))
(cx-gui-do cx-activate-item "pressure-outlet-5-1*Frame4*Frame3(Momentum)*Table1*Frame1(Turbulence)*Table1(Turbulence)*DropDownList1(Specification Method)")
(cx-gui-do cx-set-real-entry-list "pressure-outlet-5-1*Frame4*Frame3(Momentum)*Table1*Frame1(Turbulence)*Table1(Turbulence)*RealEntry8(Backflow Turbulent Intensity)" '( 0.005))
(cx-gui-do cx-activate-item "pressure-outlet-5-1*Frame4*Frame3(Momentum)*Table1*Frame1(Turbulence)*Table1(Turbulence)*RealEntry8(Backflow Turbulent Intensity)")
(cx-gui-do cx-set-real-entry-list "pressure-outlet-5-1*Frame4*Frame3(Momentum)*Table1*Frame1(Turbulence)*Table1(Turbulence)*RealEntry10(Backflow Hydraulic Diameter)" '( 0.8))
(cx-gui-do cx-activate-item "pressure-outlet-5-1*PanelButtons*PushButton1(OK)")
(cx-gui-do cx-activate-item "Boundary Conditions*PanelButtons*PushButton2(Cancel)")
(cx-gui-do cx-activate-item "MenuBar*ControlsSubMenu*Solution...")
(cx-gui-do cx-set-real-entry-list "Solution Controls*Table2*Frame2(Under-Relaxation Factors)*Table2(Under-Relaxation Factors)*RealEntry1(Turbulent Kinetic Energy)" '( 0.7))
(cx-gui-do cx-activate-item "Solution Controls*Table2*Frame2(Under-Relaxation Factors)*Table2(Under-Relaxation Factors)*RealEntry1(Turbulent Kinetic Energy)")
(cx-gui-do cx-set-real-entry-list "Solution Controls*Table2*Frame2(Under-Relaxation Factors)*Table2(Under-Relaxation Factors)*RealEntry2(Specific Dissipation Rate)" '( 0.7))
(cx-gui-do cx-activate-item "Solution Controls*Table2*Frame2(Under-Relaxation Factors)*Table2(Under-Relaxation Factors)*RealEntry2(Specific Dissipation Rate)")
(cx-gui-do cx-set-real-entry-list "Solution Controls*Table2*Frame2(Under-Relaxation Factors)*Table2(Under-Relaxation Factors)*RealEntry3(Turbulent Viscosity)" '( 0.9))
(cx-gui-do cx-activate-item "Solution Controls*Table2*Frame2(Under-Relaxation Factors)*Table2(Under-Relaxation Factors)*RealEntry3(Turbulent Viscosity)")
(cx-gui-do cx-set-real-entry-list "Solution Controls*Table2*Frame2(Under-Relaxation Factors)*Table2(Under-Relaxation Factors)*RealEntry4(Solid)" '( 0.9))
(cx-gui-do cx-set-list-selections "Solution Controls*Table2*Frame1(Discretization)*Table1(Discretization)*DropDownList2(Turbulent Kinetic Energy)" '( 1))
(cx-gui-do cx-activate-item "Solution Controls*Table2*Frame1(Discretization)*Table1(Discretization)*DropDownList2(Turbulent Kinetic Energy)")
(cx-gui-do cx-set-list-selections "Solution Controls*Table2*Frame1(Discretization)*Table1(Discretization)*DropDownList3(Specific Dissipation Rate)" '( 1))
(cx-gui-do cx-activate-item "Solution Controls*Table2*Frame1(Discretization)*Table1(Discretization)*DropDownList3(Specific Dissipation Rate)")
(cx-gui-do cx-set-real-entry-list "Solution Controls*Table1*Frame4(Solver Parameters)*Table4(Solver Parameters)*RealEntry1(Courant Number)" '( 0.9))
(cx-gui-do cx-activate-item "Solution Controls*PanelButtons*PushButton1(OK)")
(cx-gui-do cx-activate-item "MenuBar*MonitorsSubMenu*Residual...")
(cx-gui-do cx-set-toggle-button "Residual Monitors*Table1*Frame1(Options)*ToggleBox1(Options)*CheckButton2(Plot)" #f)
(cx-gui-do cx-activate-item "Residual Monitors*Table1*Frame1(Options)*ToggleBox1(Options)*CheckButton2(Plot)")
(cx-gui-do cx-set-real-entry-list "Residual Monitors*Table2*RealEntry11" '( 1e-005))
(cx-gui-do cx-set-real-entry-list "Residual Monitors*Table2*RealEntry17" '( 1e-005))
(cx-gui-do cx-set-real-entry-list "Residual Monitors*Table2*RealEntry23" '( 1e-005))
(cx-gui-do cx-set-real-entry-list "Residual Monitors*Table2*RealEntry29" '( 1e-005))
(cx-gui-do cx-set-real-entry-list "Residual Monitors*Table2*RealEntry35" '( 1e-005))
(cx-gui-do cx-set-real-entry-list "Residual Monitors*Table2*RealEntry41" '( 1e-005))
(cx-gui-do cx-activate-item "Residual Monitors*PanelButtons*PushButton1(OK)")
(cx-gui-do cx-activate-item "MenuBar*InitializeSubMenu*Initialize...")
(cx-gui-do cx-set-list-selections "Solution Initialization*DropDownList1(Compute From)" '( 1))
(cx-gui-do cx-activate-item "Solution Initialization*DropDownList1(Compute From)")
(cx-gui-do cx-set-real-entry-list "Solution Initialization*Frame3(Initial Values)*Table3(Initial Values)*RealEntry2(Axial Velocity)" '( 400))
(cx-gui-do cx-set-real-entry-list "Solution Initialization*Frame3(Initial Values)*Table3(Initial Values)*RealEntry6(Temperature)" '( 1000))
(cx-gui-do cx-set-real-entry-list "Solution Initialization*Frame3(Initial Values)*Table3(Initial Values)*RealEntry1(Gauge Pressure)" '( 150000))
(cx-gui-do cx-activate-item "Solution Initialization*PanelButtons*PushButton1(OK)")
(cx-gui-do cx-activate-item "Solution Initialization*PanelButtons*PushButton2(Cancel)")
(cx-gui-do cx-activate-item "MenuBar*SolveMenu*Iterate...")
(cx-gui-do cx-set-integer-entry "Iterate*Table1*Frame2(Iteration)*Table2(Iteration)*IntegerEntry1(Number of Iterations)" 5000)
(cx-gui-do cx-activate-item "Iterate*PanelButtons*PushButton1(OK)")
(cx-gui-do cx-activate-item "Iterate*PanelButtons*PushButton2(Cancel)")
(cx-gui-do cx-activate-item "MenuBar*ReportMenu*Surface Integrals...")
(cx-gui-do cx-set-list-selections "Surface Integrals*Frame3*List3(Surfaces)" '( 2))
(cx-gui-do cx-activate-item "Surface Integrals*Frame3*List3(Surfaces)")
(cx-gui-do cx-set-list-selections "Surface Integrals*Frame3*List3(Surfaces)" '( 2 3))
(cx-gui-do cx-activate-item "Surface Integrals*Frame3*List3(Surfaces)")
(cx-gui-do cx-set-list-selections "Surface Integrals*Frame3*List3(Surfaces)" '( 2))
(cx-gui-do cx-activate-item "Surface Integrals*Frame3*List3(Surfaces)")
(cx-gui-do cx-set-list-selections "Surface Integrals*Frame1*DropDownList1(Report Type)" '( 9))
(cx-gui-do cx-activate-item "Surface Integrals*Frame1*DropDownList1(Report Type)")
(cx-gui-do cx-activate-item "Surface Integrals*PanelButtons*PushButton1(Write)")
(cx-gui-do cx-set-text-entry "Select File*Text" "pin.txt")
(cx-gui-do cx-activate-item "Select File*OK")
(cx-gui-do cx-set-list-selections "Surface Integrals*Table2*DropDownList1(Field Variable)" '( 2))
(cx-gui-do cx-activate-item "Surface Integrals*Table2*DropDownList1(Field Variable)")
(cx-gui-do cx-set-list-selections "Surface Integrals*Table2*DropDownList2" '( 1))
(cx-gui-do cx-activate-item "Surface Integrals*Table2*DropDownList2")
(cx-gui-do cx-activate-item "Surface Integrals*PanelButtons*PushButton1(Write)")
(cx-gui-do cx-set-text-entry "Select File*Text" "vin.txt")
(cx-gui-do cx-activate-item "Select File*OK")
(cx-gui-do cx-set-list-selections "Surface Integrals*Frame3*List3(Surfaces)" '())
(cx-gui-do cx-activate-item "Surface Integrals*Frame3*List3(Surfaces)")
(cx-gui-do cx-set-list-selections "Surface Integrals*Frame3*List3(Surfaces)" '( 3))
(cx-gui-do cx-activate-item "Surface Integrals*Frame3*List3(Surfaces)")
(cx-gui-do cx-activate-item "Surface Integrals*PanelButtons*PushButton1(Write)")
(cx-gui-do cx-set-text-entry "Select File*Text" "vout.txt")
(cx-gui-do cx-activate-item "Select File*OK")
(cx-gui-do cx-set-list-selections "Surface Integrals*Table2*DropDownList1(Field Variable)" '( 0))
(cx-gui-do cx-activate-item "Surface Integrals*Table2*DropDownList1(Field Variable)")
(cx-gui-do cx-activate-item "Surface Integrals*PanelButtons*PushButton1(Write)")
(cx-gui-do cx-set-text-entry "Select File*Text" "pout.txt")
(cx-gui-do cx-activate-item "Select File*OK")
(cx-gui-do cx-set-list-selections "Surface Integrals*Table2*DropDownList1(Field Variable)" '( 2))
(cx-gui-do cx-activate-item "Surface Integrals*Table2*DropDownList1(Field Variable)")
(cx-gui-do cx-set-list-selections "Surface Integrals*Table2*DropDownList2" '( 4))
(cx-gui-do cx-activate-item "Surface Integrals*Table2*DropDownList2")
(cx-gui-do cx-activate-item "Surface Integrals*PanelButtons*PushButton1(Write)")
(cx-gui-do cx-set-text-entry "Select File*Text" "mout.txt")
(cx-gui-do cx-activate-item "Select File*OK")
(cx-gui-do cx-activate-item "Surface Integrals*PanelButtons*PushButton2(Cancel)")
(cx-gui-do cx-activate-item "MenuBar*PlotMenu*XY Plot...")
(cx-gui-do cx-set-real-entry-list "Solution XY Plot*Frame2(Plot Direction)*ToggleBox2(Plot Direction)*RealEntry1(X)" '( 0))
(cx-gui-do cx-activate-item "Solution XY Plot*Frame2(Plot Direction)*ToggleBox2(Plot Direction)*RealEntry1(X)")
(cx-gui-do cx-set-real-entry-list "Solution XY Plot*Frame2(Plot Direction)*ToggleBox2(Plot Direction)*RealEntry2(Y)" '( 1))
(cx-gui-do cx-set-list-selections "Solution XY Plot*Frame9*List9(Surfaces)" '( 3))
(cx-gui-do cx-activate-item "Solution XY Plot*Frame9*List9(Surfaces)")
(cx-gui-do cx-set-list-selections "Solution XY Plot*Table7*DropDownList1(Y Axis Function)" '( 2))
(cx-gui-do cx-activate-item "Solution XY Plot*Table7*DropDownList1(Y Axis Function)")
(cx-gui-do cx-set-list-selections "Solution XY Plot*Table7*DropDownList2" '( 4))
(cx-gui-do cx-activate-item "Solution XY Plot*Table7*DropDownList2")
(cx-gui-do cx-set-toggle-button "Solution XY Plot*Frame1(Options)*ToggleBox1(Options)*CheckButton4(Write to File)" #f)
(cx-gui-do cx-activate-item "Solution XY Plot*Frame1(Options)*ToggleBox1(Options)*CheckButton4(Write to File)")
(cx-gui-do cx-activate-item "Solution XY Plot*PanelButtons*PushButton1(OK)")
(cx-gui-do cx-set-text-entry "Select File*Text" "mdist.txt")
(cx-gui-do cx-activate-item "Select File*OK")
(cx-gui-do cx-activate-item "Solution XY Plot*PanelButtons*PushButton2(Cancel)")
(cx-gui-do cx-activate-item "MenuBar*WriteSubMenu*Case & Data...")
(cx-gui-do cx-set-text-entry "Select File*Text" "nozzle03.cas")
(cx-gui-do cx-activate-item "Select File*OK")
(cx-gui-do cx-activate-item "MenuBar*FileMenu*Exit")
